{
  "errors": [
    {
      "message": "Unexpected Execution Error",
      "locations": [
        {
          "line": 3,
          "column": 19
        }
      ],
      "path": [
        "books"
      ]
    }
  ],
  "data": {
    "books": null
  }
}
